projects/amazon-trend-analyzer/qb_chunks/page_146_skip146000.csv
ASIN Buyability Flag,asin_status,CVR%,revenue,asp,units,gv,Images #,Videos #,Has A+ Content,Buybox Winner,Average Rating,Number of Ratings,bb_price,Ad CTR%,Ad CVR%,bsr,brand,Ad CPC$,ASIN (Description),Update Type,Sold By Amazon,Has Coupon?,Has Store Link?,In Stock Today?,category,Sellable On Hand Units,asin,date,Ad Cost,Ad Sales,Ad Clicks,Ad Impressions,Ad Conversions
In Stock,ACTIVE,0.857,35.0,5.89,6.0,7.0,5.0,0.0,True,,4.7,3359.0,5.98,0.00322407307898979,0.0,62.0,Cleanze,4.095,"B08FKW5SRW (CLEANZE Antibacterial Hand Wipes- 6"" x 8"" -100ct)",[],True,False,False,True,Hand Care (Fetch),297.0,B08FKW5SRW,2026-03-05,24.57,0.0,6.0,1861.0,0.0
In Stock,ACTIVE,0.348,357.0,6.49,55.0,158.0,5.0,0.0,True,,4.7,3344.0,6.54,0.0,,31.0,Cleanze,,"B08FKW5SRW (CLEANZE Antibacterial Hand Wipes- 6"" x 8"" -100ct)",[],True,False,False,True,Hand Care (Fetch),707.0,B08FKW5SRW,2026-02-22,0.0,0.0,0.0,4.0,0.0
In Stock,ACTIVE,0.412,512.0,6.83,75.0,182.0,5.0,0.0,True,,4.7,3344.0,6.99,0.004662004662004662,0.0,31.0,Cleanze,3.435,"B08FKW5SRW (CLEANZE Antibacterial Hand Wipes- 6"" x 8"" -100ct)",[],True,False,False,True,Hand Care (Fetch),684.0,B08FKW5SRW,2026-02-21,6.87,0.0,2.0,429.0,0.0
In Stock,ACTIVE,0.476,736.0,6.88,107.0,225.0,5.0,0.0,True,,4.7,3331.0,6.99,0.004108885464817668,0.0,31.0,Cleanze,3.7925,"B08FKW5SRW (CLEANZE Antibacterial Hand Wipes- 6"" x 8"" -100ct)",[],True,False,False,True,Hand Care (Fetch),728.0,B08FKW5SRW,2026-02-20,30.34,0.0,8.0,1947.0,0.0
In Stock,ACTIVE,0.597,883.0,6.84,129.0,216.0,5.0,0.0,True,,4.7,3331.0,6.99,0.006944444444444444,0.25,31.0,Cleanze,3.7075,"B08FKW5SRW (CLEANZE Antibacterial Hand Wipes- 6"" x 8"" -100ct)",[],True,False,False,True,Hand Care (Fetch),826.0,B08FKW5SRW,2026-02-19,14.83,6.99,4.0,576.0,1.0
In Stock,ACTIVE,0.7440000000000001,995.0,6.86,145.0,195.0,5.0,0.0,True,,4.7,3331.0,6.99,0.0,,31.0,Cleanze,,"B08FKW5SRW (CLEANZE Antibacterial Hand Wipes- 6"" x 8"" -100ct)",[],True,False,False,True,Hand Care (Fetch),941.0,B08FKW5SRW,2026-02-18,0.0,0.0,0.0,630.0,0.0
In Stock,ACTIVE,0.688,988.0,6.91,143.0,208.0,5.0,0.0,True,,4.7,3331.0,6.99,0.002471169686985173,0.0,31.0,Cleanze,4.788333333333333,"B08FKW5SRW (CLEANZE Antibacterial Hand Wipes- 6"" x 8"" -100ct)",[],True,False,False,True,Hand Care (Fetch),1079.0,B08FKW5SRW,2026-02-17,28.73,0.0,6.0,2428.0,0.0
In Stock,ACTIVE,0.6940000000000001,1111.0,6.82,163.0,235.0,5.0,0.0,True,,4.7,3331.0,6.99,0.0060790273556231,0.5,31.0,Cleanze,3.95,"B08FKW5SRW (CLEANZE Antibacterial Hand Wipes- 6"" x 8"" -100ct)",[],True,False,False,True,Hand Care (Fetch),1188.0,B08FKW5SRW,2026-02-16,7.9,6.99,2.0,329.0,1.0
In Stock,ACTIVE,0.595,935.0,6.92,135.0,227.0,5.0,0.0,True,,4.7,3329.0,5.72,0.02390438247011952,0.1666666666666667,31.0,Cleanze,3.491666666666667,"B08FKW5SRW (CLEANZE Antibacterial Hand Wipes- 6"" x 8"" -100ct)",[],True,False,False,True,Hand Care (Fetch),1333.0,B08FKW5SRW,2026-02-15,20.95,6.99,6.0,251.0,1.0
In Stock,ACTIVE,0.782,881.0,5.72,154.0,197.0,5.0,0.0,True,,4.7,3328.0,5.73,0.002898550724637681,1.0,30.0,Cleanze,7.7,"B08FKW5SRW (CLEANZE Antibacterial Hand Wipes- 6"" x 8"" -100ct)",[],True,False,False,True,Hand Care (Fetch),1498.0,B08FKW5SRW,2026-02-14,7.7,5.72,1.0,345.0,1.0
In Stock,ACTIVE,0.8029999999999999,1100.0,5.73,192.0,239.0,5.0,0.0,True,,4.7,3326.0,5.75,0.004273504273504274,0.0,29.0,Cleanze,5.15,"B08FKW5SRW (CLEANZE Antibacterial Hand Wipes- 6"" x 8"" -100ct)",[],True,False,False,True,Hand Care (Fetch),1639.0,B08FKW5SRW,2026-02-13,5.15,0.0,1.0,234.0,0.0
In Stock,ACTIVE,0.723,1006.0,5.75,175.0,242.0,5.0,0.0,True,,4.7,3326.0,5.75,0.0,,28.0,Cleanze,,"B08FKW5SRW (CLEANZE Antibacterial Hand Wipes- 6"" x 8"" -100ct)",[],True,False,False,True,Hand Care (Fetch),1823.0,B08FKW5SRW,2026-02-12,0.0,0.0,0.0,304.0,0.0
In Stock,ACTIVE,0.612,931.0,5.68,164.0,268.0,5.0,0.0,True,,4.7,3315.0,5.68,0.007042253521126761,0.0,28.0,Cleanze,4.43,"B08FKW5SRW (CLEANZE Antibacterial Hand Wipes- 6"" x 8"" -100ct)",[],True,False,False,True,Hand Care (Fetch),1996.0,B08FKW5SRW,2026-02-11,4.43,0.0,1.0,142.0,0.0
In Stock,ACTIVE,0.8170000000000001,1121.0,5.69,197.0,241.0,5.0,0.0,True,,4.7,3510.0,5.7,0.003696857670979667,0.3333333333333333,28.0,Cleanze,4.435,"B08FKW5SRW (CLEANZE Antibacterial Hand Wipes- 6"" x 8"" -100ct)",[],True,False,False,True,Hand Care (Fetch),2184.0,B08FKW5SRW,2026-02-10,26.61,11.4,6.0,1623.0,2.0
In Stock,ACTIVE,0.629,919.0,5.71,161.0,256.0,5.0,0.0,True,,4.7,3507.0,5.7,,,28.0,Cleanze,,"B08FKW5SRW (CLEANZE Antibacterial Hand Wipes- 6"" x 8"" -100ct)",[],True,False,False,True,Hand Care (Fetch),2374.0,B08FKW5SRW,2026-02-09,0.0,0.0,0.0,0.0,0.0
In Stock,ACTIVE,0.601,964.0,5.67,170.0,283.0,5.0,0.0,True,,4.7,3506.0,5.67,,,28.0,Cleanze,,"B08FKW5SRW (CLEANZE Antibacterial Hand Wipes- 6"" x 8"" -100ct)",[],True,False,False,True,Hand Care (Fetch),2573.0,B08FKW5SRW,2026-02-08,0.0,0.0,0.0,0.0,0.0
In Stock,ACTIVE,0.6409999999999999,850.0,5.66,150.0,234.0,5.0,0.0,True,,4.7,3504.0,5.66,0.006535947712418301,0.0,28.0,Cleanze,5.1,"B08FKW5SRW (CLEANZE Antibacterial Hand Wipes- 6"" x 8"" -100ct)",[],True,False,False,True,Hand Care (Fetch),2714.0,B08FKW5SRW,2026-02-07,5.1,0.0,1.0,153.0,0.0
In Stock,ACTIVE,0.706,1009.0,5.67,178.0,252.0,5.0,0.0,True,,4.7,3503.0,5.67,0.007288629737609329,0.3,28.0,Cleanze,3.286,"B08FKW5SRW (CLEANZE Antibacterial Hand Wipes- 6"" x 8"" -100ct)",[],True,False,False,True,Hand Care (Fetch),2920.0,B08FKW5SRW,2026-02-06,32.86,16.77,10.0,1372.0,3.0
In Stock,ACTIVE,0.7040000000000001,1040.0,5.69,183.0,260.0,5.0,0.0,True,,4.7,3496.0,5.66,0.007616974972796518,0.2857142857142857,28.0,Cleanze,3.737142857142857,"B08FKW5SRW (CLEANZE Antibacterial Hand Wipes- 6"" x 8"" -100ct)",[],True,False,False,True,Hand Care (Fetch),3100.0,B08FKW5SRW,2026-02-05,26.16,16.98,7.0,919.0,2.0
In Stock,ACTIVE,0.753,1102.0,5.57,198.0,263.0,5.0,0.0,True,,4.7,3496.0,5.57,0.004048582995951417,0.0,29.0,Cleanze,5.271666666666667,"B08FKW5SRW (CLEANZE Antibacterial Hand Wipes- 6"" x 8"" -100ct)",[],True,False,False,True,Hand Care (Fetch),3282.0,B08FKW5SRW,2026-02-04,31.63,0.0,6.0,1482.0,0.0
In Stock,ACTIVE,0.773,1118.0,5.56,201.0,260.0,5.0,0.0,True,,4.7,3495.0,5.56,0.04651162790697674,0.5,28.0,Cleanze,2.4175,"B08FKW5SRW (CLEANZE Antibacterial Hand Wipes- 6"" x 8"" -100ct)",[],True,False,False,True,Hand Care (Fetch),3485.0,B08FKW5SRW,2026-02-03,9.67,16.68,4.0,86.0,2.0
In Stock,ACTIVE,0.718,1119.0,5.57,201.0,280.0,5.0,0.0,True,,4.7,3493.0,5.57,0.0196078431372549,0.0,27.0,Cleanze,2.2,"B08FKW5SRW (CLEANZE Antibacterial Hand Wipes- 6"" x 8"" -100ct)",[],True,False,False,True,Hand Care (Fetch),3674.0,B08FKW5SRW,2026-02-02,2.2,0.0,1.0,51.0,0.0
In Stock,ACTIVE,0.604,1066.0,5.58,191.0,316.0,15.0,0.0,True,,4.7,3491.0,5.58,0.03333333333333333,0.0,27.0,Cleanze,2.51,"B08FKW5SRW (CLEANZE Antibacterial Hand Wipes- 6"" x 8"" -100ct)",[],True,False,False,True,Hand Care (Fetch),3876.0,B08FKW5SRW,2026-02-01,2.51,0.0,1.0,30.0,0.0
In Stock,ACTIVE,0.69,943.0,5.58,169.0,245.0,5.0,0.0,True,,4.7,3491.0,5.58,0.009202453987730062,0.0,28.0,Cleanze,4.28,"B08FKW5SRW (CLEANZE Antibacterial Hand Wipes- 6"" x 8"" -100ct)",[],True,False,False,True,Hand Care (Fetch),4046.0,B08FKW5SRW,2026-01-31,12.84,0.0,3.0,326.0,0.0
In Stock,ACTIVE,0.838,1011.0,5.58,181.0,216.0,5.0,0.0,True,,4.7,3488.0,5.59,0.006479481641468682,0.3333333333333333,29.0,Cleanze,3.126666666666667,"B08FKW5SRW (CLEANZE Antibacterial Hand Wipes- 6"" x 8"" -100ct)",[],True,False,False,True,Hand Care (Fetch),4214.0,B08FKW5SRW,2026-01-30,9.38,5.59,3.0,463.0,1.0
In Stock,ACTIVE,0.685,950.0,5.59,170.0,248.0,5.0,0.0,True,,4.7,3484.0,5.59,0.001004016064257028,0.0,28.0,Cleanze,5.7,"B08FKW5SRW (CLEANZE Antibacterial Hand Wipes- 6"" x 8"" -100ct)",[],True,False,False,True,Hand Care (Fetch),4404.0,B08FKW5SRW,2026-01-29,5.7,0.0,1.0,996.0,0.0
In Stock,ACTIVE,0.7809999999999999,986.0,5.54,178.0,228.0,5.0,0.0,True,,4.7,3483.0,5.54,0.004962779156327543,0.5,30.0,Cleanze,5.495,"B08FKW5SRW (CLEANZE Antibacterial Hand Wipes- 6"" x 8"" -100ct)",[],True,False,False,True,Hand Care (Fetch),4656.0,B08FKW5SRW,2026-01-28,10.99,5.32,2.0,403.0,1.0
In Stock,ACTIVE,0.887,1091.0,5.54,197.0,222.0,5.0,0.0,True,,4.7,3480.0,5.54,0.008298755186721992,0.5,33.0,Cleanze,5.77,"B08FKW5SRW (CLEANZE Antibacterial Hand Wipes- 6"" x 8"" -100ct)",[],True,False,False,True,Hand Care (Fetch),4803.0,B08FKW5SRW,2026-01-27,11.54,11.08,2.0,241.0,1.0
In Stock,ACTIVE,0.614,753.0,5.58,135.0,220.0,5.0,0.0,True,,4.7,3478.0,5.58,0.006379585326953748,0.0,31.0,Cleanze,4.68,"B08FKW5SRW (CLEANZE Antibacterial Hand Wipes- 6"" x 8"" -100ct)",[],True,False,False,True,Hand Care (Fetch),5024.0,B08FKW5SRW,2026-01-26,18.72,0.0,4.0,627.0,0.0
In Stock,ACTIVE,0.6779999999999999,1024.0,5.53,185.0,273.0,5.0,0.0,True,,4.7,3473.0,5.53,0.01333333333333333,0.0,30.0,Cleanze,5.876666666666666,"B08FKW5SRW (CLEANZE Antibacterial Hand Wipes- 6"" x 8"" -100ct)",[],True,False,False,True,Hand Care (Fetch),5172.0,B08FKW5SRW,2026-01-25,17.63,0.0,3.0,225.0,0.0
In Stock,ACTIVE,0.705,953.0,5.54,172.0,244.0,5.0,0.0,True,,4.7,3473.0,5.54,0.002849002849002849,0.0,31.0,Cleanze,5.25,"B08FKW5SRW (CLEANZE Antibacterial Hand Wipes- 6"" x 8"" -100ct)",[],True,False,False,True,Hand Care (Fetch),5322.0,B08FKW5SRW,2026-01-24,5.25,0.0,1.0,351.0,0.0
In Stock,ACTIVE,0.696,923.0,5.53,167.0,240.0,5.0,0.0,True,,4.7,3471.0,5.53,0.00546448087431694,0.0,31.0,Cleanze,5.77,"B08FKW5SRW (CLEANZE Antibacterial Hand Wipes- 6"" x 8"" -100ct)",[],True,False,False,True,Hand Care (Fetch),5423.0,B08FKW5SRW,2026-01-23,11.54,0.0,2.0,366.0,0.0
In Stock,ACTIVE,0.826,1210.0,5.52,219.0,265.0,5.0,0.0,True,,4.7,3471.0,5.53,0.001555209953343701,0.0,32.0,Cleanze,5.77,"B08FKW5SRW (CLEANZE Antibacterial Hand Wipes- 6"" x 8"" -100ct)",[],True,False,False,True,Hand Care (Fetch),5573.0,B08FKW5SRW,2026-01-22,5.77,0.0,1.0,643.0,0.0
In Stock,ACTIVE,0.674,1129.0,5.61,201.0,298.0,5.0,0.0,True,,4.7,3469.0,5.57,0.002928257686676428,0.0,30.0,Cleanze,5.28,"B08FKW5SRW (CLEANZE Antibacterial Hand Wipes- 6"" x 8"" -100ct)",[],True,False,False,True,Hand Care (Fetch),5802.0,B08FKW5SRW,2026-01-21,10.56,0.0,2.0,683.0,0.0
In Stock,ACTIVE,0.713,1092.0,5.57,196.0,275.0,5.0,0.0,True,,4.7,3466.0,5.57,0.00684931506849315,0.0,30.0,Cleanze,5.51,"B08FKW5SRW (CLEANZE Antibacterial Hand Wipes- 6"" x 8"" -100ct)",[],True,False,False,True,Hand Care (Fetch),5911.0,B08FKW5SRW,2026-01-20,11.02,0.0,2.0,292.0,0.0
In Stock,ACTIVE,0.51,1019.0,5.6,182.0,357.0,5.0,0.0,True,,4.7,3462.0,5.6,0.0,,30.0,Cleanze,,"B08FKW5SRW (CLEANZE Antibacterial Hand Wipes- 6"" x 8"" -100ct)",[],True,False,False,True,Hand Care (Fetch),6079.0,B08FKW5SRW,2026-01-19,0.0,0.0,0.0,583.0,0.0
In Stock,ACTIVE,0.503,1038.0,5.58,186.0,370.0,5.0,0.0,True,,4.7,3462.0,5.58,0.005338078291814947,0.3333333333333333,30.0,Cleanze,3.986666666666667,"B08FKW5SRW (CLEANZE Antibacterial Hand Wipes- 6"" x 8"" -100ct)",[],True,False,False,True,Hand Care (Fetch),6264.0,B08FKW5SRW,2026-01-18,11.96,5.58,3.0,562.0,1.0
In Stock,ACTIVE,0.593,1175.0,5.57,211.0,356.0,5.0,0.0,True,,4.7,3461.0,5.57,0.005494505494505495,0.6666666666666666,30.0,Cleanze,4.723333333333334,"B08FKW5SRW (CLEANZE Antibacterial Hand Wipes- 6"" x 8"" -100ct)",[],True,False,False,True,Hand Care (Fetch),6457.0,B08FKW5SRW,2026-01-17,14.17,11.14,3.0,546.0,2.0
In Stock,ACTIVE,0.505,909.0,5.58,163.0,323.0,5.0,0.0,True,,4.7,3459.0,5.58,0.002624671916010499,0.0,31.0,Cleanze,5.84,"B08FKW5SRW (CLEANZE Antibacterial Hand Wipes- 6"" x 8"" -100ct)",[],True,False,False,True,Hand Care (Fetch),6604.0,B08FKW5SRW,2026-01-16,5.84,0.0,1.0,381.0,0.0
In Stock,ACTIVE,0.66,1172.0,5.58,210.0,318.0,5.0,0.0,True,,4.7,3456.0,5.58,0.002114164904862579,0.0,31.0,Cleanze,4.24,"B08FKW5SRW (CLEANZE Antibacterial Hand Wipes- 6"" x 8"" -100ct)",[],True,False,False,True,Hand Care (Fetch),6791.0,B08FKW5SRW,2026-01-15,4.24,0.0,1.0,473.0,0.0
In Stock,ACTIVE,0.925,1451.0,5.58,260.0,281.0,5.0,0.0,True,,4.7,3455.0,5.58,0.001858736059479554,0.0,30.0,Cleanze,6.11,"B08FKW5SRW (CLEANZE Antibacterial Hand Wipes- 6"" x 8"" -100ct)",[],True,False,False,True,Hand Care (Fetch),7028.0,B08FKW5SRW,2026-01-14,6.11,0.0,1.0,538.0,0.0
In Stock,ACTIVE,0.589,1208.0,5.62,215.0,365.0,5.0,0.0,True,,4.7,3454.0,5.62,0.007142857142857143,0.0,29.0,Cleanze,3.116666666666667,"B08FKW5SRW (CLEANZE Antibacterial Hand Wipes- 6"" x 8"" -100ct)",[],True,False,False,True,Hand Care (Fetch),7267.0,B08FKW5SRW,2026-01-13,9.35,0.0,3.0,420.0,0.0
In Stock,ACTIVE,0.698,1289.0,5.58,231.0,331.0,5.0,0.0,True,,4.7,3453.0,5.58,0.002949852507374631,0.0,27.0,Cleanze,5.49,"B08FKW5SRW (CLEANZE Antibacterial Hand Wipes- 6"" x 8"" -100ct)",[],True,False,False,True,Hand Care (Fetch),7488.0,B08FKW5SRW,2026-01-12,10.98,0.0,2.0,678.0,0.0
In Stock,ACTIVE,0.532,1154.0,5.57,207.0,389.0,5.0,0.0,True,,4.7,3449.0,5.58,0.005943536404160475,0.25,25.0,Cleanze,4.9075,"B08FKW5SRW (CLEANZE Antibacterial Hand Wipes- 6"" x 8"" -100ct)",[],True,False,False,True,Hand Care (Fetch),7690.0,B08FKW5SRW,2026-01-11,19.63,5.58,4.0,673.0,1.0
In Stock,ACTIVE,0.625,1298.0,5.57,233.0,373.0,5.0,0.0,True,,4.7,3439.0,5.57,0.004140786749482402,0.0,26.0,Cleanze,3.505,"B08FKW5SRW (CLEANZE Antibacterial Hand Wipes- 6"" x 8"" -100ct)",[],True,False,False,True,Hand Care (Fetch),7929.0,B08FKW5SRW,2026-01-10,7.01,0.0,2.0,483.0,0.0
In Stock,ACTIVE,0.723,1292.0,5.57,232.0,321.0,5.0,0.0,True,,4.7,3432.0,5.59,0.008888888888888889,0.5,27.0,Cleanze,6.335,"B08FKW5SRW (CLEANZE Antibacterial Hand Wipes- 6"" x 8"" -100ct)",[],True,False,False,True,Hand Care (Fetch),8189.0,B08FKW5SRW,2026-01-09,12.67,5.57,2.0,225.0,1.0
In Stock,ACTIVE,0.609,1229.0,5.59,220.0,361.0,6.0,0.0,True,,4.7,3424.0,5.59,0.01262626262626263,0.0,26.0,Cleanze,3.39,"B08FKW5SRW (CLEANZE Antibacterial Hand Wipes- 6"" x 8"" -100ct)",[],True,False,False,True,Hand Care (Fetch),8347.0,B08FKW5SRW,2026-01-08,16.95,0.0,5.0,396.0,0.0
In Stock,ACTIVE,0.6509999999999999,1314.0,5.59,235.0,361.0,6.0,0.0,True,,4.7,3411.0,5.6,0.005,0.5,26.0,Cleanze,3.85,"B08FKW5SRW (CLEANZE Antibacterial Hand Wipes- 6"" x 8"" -100ct)",[],True,False,False,True,Hand Care (Fetch),8573.0,B08FKW5SRW,2026-01-07,7.7,5.6,2.0,400.0,1.0
In Stock,ACTIVE,0.6829999999999999,1506.0,5.6,269.0,394.0,6.0,0.0,True,,4.7,3406.0,5.6,0.005357142857142857,0.0,26.0,Cleanze,2.59,"B08FKW5SRW (CLEANZE Antibacterial Hand Wipes- 6"" x 8"" -100ct)",[],True,False,False,True,Hand Care (Fetch),8475.0,B08FKW5SRW,2026-01-06,7.77,0.0,3.0,560.0,0.0
In Stock,ACTIVE,0.7859999999999999,1540.0,5.6,275.0,350.0,6.0,0.0,True,,4.7,3404.0,5.6,0.006802721088435374,0.0,27.0,Cleanze,3.05,"B08FKW5SRW (CLEANZE Antibacterial Hand Wipes- 6"" x 8"" -100ct)",[],True,False,False,True,Hand Care (Fetch),8742.0,B08FKW5SRW,2026-01-05,6.1,0.0,2.0,294.0,0.0
In Stock,ACTIVE,0.492,1277.0,5.62,227.0,461.0,6.0,0.0,True,,4.7,3402.0,5.64,0.005639097744360902,0.6666666666666666,26.0,Cleanze,3.2,"B08FKW5SRW (CLEANZE Antibacterial Hand Wipes- 6"" x 8"" -100ct)",[],True,False,False,True,Hand Care (Fetch),8766.0,B08FKW5SRW,2026-01-04,9.6,16.92,3.0,532.0,2.0
In Stock,ACTIVE,0.723,1397.0,5.63,248.0,343.0,6.0,0.0,True,,4.7,3396.0,5.64,0.003546099290780142,1.0,26.0,Cleanze,3.5,"B08FKW5SRW (CLEANZE Antibacterial Hand Wipes- 6"" x 8"" -100ct)",[],True,False,False,True,Hand Care (Fetch),8937.0,B08FKW5SRW,2026-01-03,3.5,5.64,1.0,282.0,1.0
In Stock,ACTIVE,0.772,1255.0,5.6,224.0,290.0,6.0,0.0,True,,4.7,3394.0,5.6,0.002288329519450801,0.0,28.0,Cleanze,2.51,"B08FKW5SRW (CLEANZE Antibacterial Hand Wipes- 6"" x 8"" -100ct)",[],True,False,False,True,Hand Care (Fetch),9148.0,B08FKW5SRW,2026-01-02,2.51,0.0,1.0,437.0,0.0
In Stock,ACTIVE,0.703,1250.0,5.61,223.0,317.0,6.0,0.0,True,,4.7,3390.0,5.62,0.003194888178913738,0.3333333333333333,30.0,Cleanze,2.986666666666667,"B08FKW5SRW (CLEANZE Antibacterial Hand Wipes- 6"" x 8"" -100ct)",[],True,False,False,True,Hand Care (Fetch),9236.0,B08FKW5SRW,2026-01-01,8.96,5.62,3.0,939.0,1.0
In Stock,ACTIVE,0.823,1085.0,5.68,191.0,232.0,6.0,0.0,True,,4.7,3386.0,5.68,0.006756756756756757,0.0,30.0,Cleanze,1.955,"B08FKW5SRW (CLEANZE Antibacterial Hand Wipes- 6"" x 8"" -100ct)",[],True,False,False,True,Hand Care (Fetch),9252.0,B08FKW5SRW,2025-12-31,3.91,0.0,2.0,296.0,0.0
In Stock,ACTIVE,0.6829999999999999,1100.0,6.01,183.0,268.0,6.0,0.0,True,,4.7,3387.0,6.99,0.001569858712715856,1.0,28.0,Cleanze,0.0,"B08FKW5SRW (CLEANZE Antibacterial Hand Wipes- 6"" x 8"" -100ct)",[],True,False,False,True,Hand Care (Fetch),9781.0,B08FKW5SRW,2025-12-30,0.0,6.99,1.0,637.0,1.0
In Stock,ACTIVE,0.7440000000000001,1237.0,6.99,177.0,238.0,6.0,0.0,True,,4.7,3381.0,6.99,0.00631578947368421,0.0,29.0,Cleanze,2.243333333333334,"B08FKW5SRW (CLEANZE Antibacterial Hand Wipes- 6"" x 8"" -100ct)",[],True,False,False,True,Hand Care (Fetch),9090.0,B08FKW5SRW,2025-12-29,6.73,0.0,3.0,475.0,0.0
In Stock,ACTIVE,0.795,1384.0,6.99,198.0,249.0,6.0,0.0,True,,4.7,3382.0,6.99,0.01630434782608696,0.6666666666666666,29.0,Cleanze,3.67,"B08FKW5SRW (CLEANZE Antibacterial Hand Wipes- 6"" x 8"" -100ct)",[],True,False,False,True,Hand Care (Fetch),9048.0,B08FKW5SRW,2025-12-28,11.01,13.98,3.0,184.0,2.0
In Stock,ACTIVE,0.575,937.0,6.99,134.0,233.0,6.0,0.0,True,,4.7,3382.0,6.99,0.01351351351351351,0.2,30.0,Cleanze,3.63,"B08FKW5SRW (CLEANZE Antibacterial Hand Wipes- 6"" x 8"" -100ct)",[],True,False,False,True,Hand Care (Fetch),8996.0,B08FKW5SRW,2025-12-27,18.15,6.99,5.0,370.0,1.0
In Stock,ACTIVE,0.557,895.0,6.99,128.0,230.0,6.0,0.0,True,,4.7,3380.0,6.99,0.003021148036253776,0.0,30.0,Cleanze,3.85,"B08FKW5SRW (CLEANZE Antibacterial Hand Wipes- 6"" x 8"" -100ct)",[],True,False,False,True,Hand Care (Fetch),8946.0,B08FKW5SRW,2025-12-26,3.85,0.0,1.0,331.0,0.0
In Stock,ACTIVE,0.5820000000000001,594.0,6.99,85.0,146.0,6.0,0.0,True,,4.7,3374.0,6.99,0.004672897196261682,0.0,30.0,Cleanze,3.265,"B08FKW5SRW (CLEANZE Antibacterial Hand Wipes- 6"" x 8"" -100ct)",[],True,False,False,True,Hand Care (Fetch),8932.0,B08FKW5SRW,2025-12-25,6.53,0.0,2.0,428.0,0.0
